// Jest Snapshot v1, https://goo.gl/fbAQLP

exports[`Components Core Button matches snapshot 1`] = `<button class="btn"></button>`;
